// Jest Snapshot v1, https://goo.gl/fbAQLP

exports[`MMap smoke test Move map should load and render another tiles 1`] = `
{
  "attributes": {
    "class": "mappable--map-container",
  },
  "children": [
    {
      "attributes": {
        "class": "mappable--map",
        "style": "width: 643px; height: 856px;",
      },
      "children": [
        {
          "attributes": {
            "class": "mappable--main-engine-container",
          },
          "children": [
            {
              "attributes": {},
              "children": [
                {
                  "attributes": {
                    "class": "mappable--layer mappable--tile-layer",
                    "style": "perspective: 1597.3177456394797px; opacity: 1;",
                  },
                  "children": [
                    {
                      "attributes": {
                        "class": "mappable--tile-layer__container",
                        "data-z": "8",
                        "style": "transform: 
            rotateX(0.00000rad)
            translate3d(0px, 0px, 798.6588728197398px)
            rotateZ(0.00000rad) translate3d(-461px, -288px, 0px)
        ; z-index: -1;",
                      },
                      "nodeName": "mappable",
                    },
                    {
                      "attributes": {
                        "class": "mappable--tile-layer__container",
                        "data-z": "9",
                        "style": "transform: 
            rotateX(0.00000rad)
            translate3d(0px, 0px, 0px)
            rotateZ(0.00000rad) translate3d(0px, 0px, 0px)
        ; z-index: 9;",
                      },
                      "nodeName": "mappable",
                    },
                  ],
                  "nodeName": "mappable",
                },
              ],
              "nodeName": "mappable",
            },
          ],
          "nodeName": "mappable",
        },
        {
          "attributes": {
            "class": "mappable--top-engine-container",
          },
          "children": [
            {
              "attributes": {},
              "children": [
                {
                  "attributes": {
                    "class": "mappable--layer mappable--graphics-layer",
                    "style": "perspective: 1597.3177456394797px; opacity: 1;",
                  },
                  "children": [
                    {
                      "attributes": {
                        "height": "1712",
                        "style": "transform: translate3d(-321.5px, -428px, 0px) rotateX(0rad) rotateZ(0rad) translate3d(0px, 0px, 0px) scale(1); will-change: transform;",
                        "viewBox": "0 0 1286 1712",
                        "width": "1286",
                        "xlink": "http://www.w3.org/1999/xlink",
                      },
                      "children": [
                        {
                          "attributes": {
                            "opacity": "1",
                            "transform": "translate(643, 856)",
                          },
                          "children": [
                            {
                              "attributes": {
                                "fill": "rgb(0,102,255)",
                                "fill-opacity": "0.6",
                                "fill-rule": "evenodd",
                                "id": "mappable--feature-0-__auto_3",
                                "stroke-dasharray": "",
                                "stroke-linecap": "round",
                                "stroke-linejoin": "round",
                                "stroke-width": "1.000",
                                "style": "cursor: inherit;",
                              },
                              "children": [
                                {
                                  "attributes": {
                                    "d": "M-443.880859866189,-315.638009292079 L-395.2633783845231,-261.38352329821464 L-354.04011912509304,-201.13334261542514 L-363.5980450510542,-195.9464370125079 L-379.1955265325996,-212.97342900237527 L-419.32752653276475,-271.1206608729335 L-453.6081191254889,-299.9610257774184 L-461.73611912552224,-311.56586507589054 L-462.43226727367073,-322.21201310191645 L-453.43878579216107,-332.777698855416 L-443.880859866189,-315.638009292079 Z",
                                    "data-feature-id": "__auto_3",
                                    "stroke": "rgb(0,102,255)",
                                    "stroke-opacity": "1",
                                  },
                                  "nodeName": "path",
                                },
                              ],
                              "nodeName": "g",
                            },
                          ],
                          "nodeName": "g",
                        },
                      ],
                      "nodeName": "svg",
                    },
                  ],
                  "nodeName": "mappable",
                },
                {
                  "attributes": {
                    "class": "mappable--layer mappable--marker-layer",
                    "style": "opacity: 1; transform-origin: 321.5px 428px;",
                  },
                  "nodeName": "mappable",
                },
              ],
              "nodeName": "mappable",
            },
          ],
          "nodeName": "mappable",
        },
      ],
      "nodeName": "mappable",
    },
    {
      "attributes": {
        "class": "mappable--map-copyrights mappable--map-copyrights_bottom mappable--map-copyrights_right",
      },
      "children": [
        {
          "attributes": {
            "class": "mappable--map-copyrights__container",
          },
          "children": [
            {
              "attributes": {
                "class": "mappable--map-copyrights__text",
              },
              "nodeName": "span",
            },
            {
              "attributes": {
                "class": "mappable--map-copyrights__user-agreements",
                "href": "https://mappable.world/legal/tos",
                "target": "_blank",
              },
              "children": [
                "User Agreement",
              ],
              "nodeName": "a",
            },
          ],
          "nodeName": "div",
        },
        {
          "attributes": {
            "class": "mappable--map-copyrights__logo mappable--icon-logo-en-black",
            "style": "width: 80px; height: 20px;",
          },
          "nodeName": "span",
        },
      ],
      "nodeName": "div",
    },
  ],
  "nodeName": "mappable",
}
`;
